// Vitest Snapshot v1, https://vitest.dev/guide/snapshot.html

exports[`Formats component > matches snapshot 1`] = `
<DocumentFragment>
  <div
    class="container"
  >
    <div
      class="row"
    >
      <div
        class="col-md-9"
      >
        <div
          class="table-responsive"
        >
          <table
            class="small table table-sm table-striped table-hover"
          >
            <thead>
              <tr>
                <th>
                  Make
                </th>
                <th>
                  Model
                </th>
                <th>
                  Format
                </th>
                <th>
                  Resolution
                </th>
                <th>
                  Filmback
                </th>
                <th>
                  PAR
                </th>
                <th>
                  Anamorphic?
                </th>
                <th>
                  Desqueezed?
                </th>
                <th>
                  Action
                </th>
              </tr>
            </thead>
            <tbody>
              <tr>
                <td>
                  ARRI
                </td>
                <td>
                  Alexa 35
                </td>
                <td>
                  4.6K 3:2 Open Gate
                </td>
                <td>
                  4608 x 3164
                </td>
                <td>
                  28mm x 19.2mm
                </td>
                <td>
                  1
                </td>
                <td
                  class="text-center"
                >
                  <span
                    class="text-danger"
                  >
                    ✗
                  </span>
                </td>
                <td
                  class="text-center"
                >
                  <span
                    class="text-danger"
                  >
                    ✗
                  </span>
                </td>
                <td>
                  <a
                    class="btn btn-outline-primary btn-sm"
                    data-discover="true"
                    href="/formats/1"
                  >
                    View
                  </a>
                </td>
              </tr>
              <tr>
                <td>
                  ARRI
                </td>
                <td>
                  Alexa 35
                </td>
                <td>
                  4K 16:9 
                </td>
                <td>
                  4096 x 2304
                </td>
                <td>
                  28mm x 15.7mm
                </td>
                <td>
                  1
                </td>
                <td
                  class="text-center"
                >
                  <span
                    class="text-danger"
                  >
                    ✗
                  </span>
                </td>
                <td
                  class="text-center"
                >
                  <span
                    class="text-danger"
                  >
                    ✗
                  </span>
                </td>
                <td>
                  <a
                    class="btn btn-outline-primary btn-sm"
                    data-discover="true"
                    href="/formats/2"
                  >
                    View
                  </a>
                </td>
              </tr>
            </tbody>
          </table>
        </div>
        <div
          class="row"
        >
          <div
            class="text-muted text-center"
          >
            Showing 2 formats
          </div>
        </div>
        <div
          class="mt-4 row"
        >
          <button
            class="btn btn-outline-danger"
            type="button"
          >
            Clear
          </button>
        </div>
      </div>
      <div
        class="col-md-3"
      >
        <div
          class="m-3 px-3 shadow-lg card"
        >
          <form
            class="text-start"
          >
            <div
              class="d-flex justify-content-between align-items-center"
            >
              <h5
                class="mb-0"
              >
                Filter Formats
              </h5>
              <button
                class="border-0 btn btn-outline-danger btn-sm"
                type="button"
              >
                X
              </button>
            </div>
            <div
              class="mb-3"
            >
              <label
                class="form-label"
                for="advanceSearchForm.makeInput"
              >
                Make
              </label>
              <input
                class="form-control"
                id="advanceSearchForm.makeInput"
                name="make"
                type="text"
                value="Any"
              />
            </div>
            <div
              class="mb-3"
            >
              <label
                class="form-label"
                for="advanceSearchForm.modelInput"
              >
                Model
              </label>
              <input
                class="form-control"
                id="advanceSearchForm.modelInput"
                name="camera"
                type="text"
                value="Any"
              />
            </div>
            <div
              class="mb-3"
            >
              <label
                class="form-label"
                for="advanceSearchForm.formatInput"
              >
                Format
              </label>
              <input
                class="form-control"
                id="advanceSearchForm.formatInput"
                name="format"
                type="text"
                value=""
              />
            </div>
            <div
              class="mb-3"
            >
              <label
                class="form-label"
                for="advanceSearchForm.sensorWidthInput"
              >
                Sensor Width
              </label>
              <input
                class="form-control"
                id="advanceSearchForm.sensorWidthInput"
                name="sensor_width"
                type="text"
                value=""
              />
            </div>
            <div
              class="mb-3"
            >
              <label
                class="form-label"
                for="advanceSearchForm.sensorHeightInput"
              >
                Sensor Height
              </label>
              <input
                class="form-control"
                id="advanceSearchForm.sensorHeightInput"
                name="sensor_height"
                type="text"
                value=""
              />
            </div>
            <div
              class="mb-3"
            >
              <label
                class="form-label"
                for="advanceSearchForm.imageWidthInput"
              >
                Image Width
              </label>
              <input
                class="form-control"
                id="advanceSearchForm.imageWidthInput"
                name="image_width"
                type="text"
                value=""
              />
            </div>
            <div
              class="mb-3"
            >
              <label
                class="form-label"
                for="advanceSearchForm.imageHeightInput"
              >
                Image Height
              </label>
              <input
                class="form-control"
                id="advanceSearchForm.imageHeightInput"
                name="image_height"
                type="text"
                value=""
              />
            </div>
            <div
              class="mb-3"
            >
              <label
                class="form-label"
                for="advanceSearchForm.pixelAspectInput"
              >
                Pixel Aspect
              </label>
              <input
                class="form-control"
                id="advanceSearchForm.pixelAspectInput"
                name="pixel_aspect"
                type="text"
                value="1"
              />
            </div>
            <div
              class="form-check form-switch"
            >
              <input
                class="form-check-input"
                id="isAnamorphic"
                name="is_anamorphic"
                type="checkbox"
              />
              <label
                class="form-check-label"
                for="isAnamorphic"
                title=""
              >
                Anamorphic?
              </label>
            </div>
            <div
              class="form-check form-switch"
            >
              <input
                class="form-check-input"
                id="isDesqueezed"
                name="is_desqueezed"
                type="checkbox"
              />
              <label
                class="form-check-label"
                for="isDesqueezed"
                title=""
              >
                Desqueezed?
              </label>
            </div>
            <div
              class="form-check form-switch"
            >
              <input
                class="form-check-input"
                id="isDownsampled"
                name="is_downsampled"
                type="checkbox"
              />
              <label
                class="form-check-label"
                for="isDownsampled"
                title=""
              >
                Downsampled?
              </label>
            </div>
            <div
              class="form-check form-switch"
            >
              <input
                class="form-check-input"
                id="isUpscaled"
                name="is_upscaled"
                type="checkbox"
              />
              <label
                class="form-check-label"
                for="isUpscaled"
                title=""
              >
                Upscaled?
              </label>
            </div>
            <button
              class="btn btn-primary w-100 my-3 btn btn-primary"
              type="submit"
            >
              Search
            </button>
          </form>
        </div>
      </div>
    </div>
  </div>
</DocumentFragment>
`;
